23:00:56 **** Auto Build of configuration Debug for project Lab3Part1 ****
make pre-build main-build 
a9-linaro-pre-build-step
' '
'Building file: C:/Xilinx/Labs/Lab3/ECE315Lab3/part1/initialization.c'
'Invoking: ARM v7 gcc compiler'
arm-none-eabi-gcc -Wall -O0 -g3 -c -fmessage-length=0 -MT"src/initialization.o" -mcpu=cortex-a9 -mfpu=vfpv3 -mfloat-abi=hard -I../../Lab3Part1_bsp/ps7_cortexa9_0/include -MMD -MP -MF"src/initialization.d" -MT"src/initialization.o" -o "src/initialization.o" "C:/Xilinx/Labs/Lab3/ECE315Lab3/part1/initialization.c"
C:/Xilinx/Labs/Lab3/ECE315Lab3/part1/initialization.c: In function 'SpiMasterRead':
C:/Xilinx/Labs/Lab3/ECE315Lab3/part1/initialization.c:172:6: warning: unused variable 'StatusReg' [-Wunused-variable]
  u32 StatusReg;
      ^~~~~~~~~
C:/Xilinx/Labs/Lab3/ECE315Lab3/part1/initialization.c:180:1: warning: control reaches end of non-void function [-Wreturn-type]
 }
 ^
'Finished building: C:/Xilinx/Labs/Lab3/ECE315Lab3/part1/initialization.c'
' '
'Building file: C:/Xilinx/Labs/Lab3/ECE315Lab3/part1/spi_lab3_main.c'
'Invoking: ARM v7 gcc compiler'
arm-none-eabi-gcc -Wall -O0 -g3 -c -fmessage-length=0 -MT"src/spi_lab3_main.o" -mcpu=cortex-a9 -mfpu=vfpv3 -mfloat-abi=hard -I../../Lab3Part1_bsp/ps7_cortexa9_0/include -MMD -MP -MF"src/spi_lab3_main.d" -MT"src/spi_lab3_main.o" -o "src/spi_lab3_main.o" "C:/Xilinx/Labs/Lab3/ECE315Lab3/part1/spi_lab3_main.c"
In file included from C:/Xilinx/Labs/Lab3/ECE315Lab3/part1/spi_lab3_main.c:66:
C:/Xilinx/Labs/Lab3/ECE315Lab3/part1/initialization.h:52: warning: "configGENERATE_RUN_TIME_STATS" redefined
 #define configGENERATE_RUN_TIME_STATS 1
 
In file included from ../../Lab3Part1_bsp/ps7_cortexa9_0/include/FreeRTOS.h:56,
                 from C:/Xilinx/Labs/Lab3/ECE315Lab3/part1/spi_lab3_main.c:51:
../../Lab3Part1_bsp/ps7_cortexa9_0/include/FreeRTOSConfig.h:109: note: this is the location of the previous definition
 #define configGENERATE_RUN_TIME_STATS 0
 
C:/Xilinx/Labs/Lab3/ECE315Lab3/part1/spi_lab3_main.c: In function 'TaskUartManager':
C:/Xilinx/Labs/Lab3/ECE315Lab3/part1/spi_lab3_main.c:181:7: warning: unused variable 'dummy' [-Wunused-variable]
    u8 dummy = DOLLAR;     // dummy char to send to the slave as a control character
       ^~~~~
C:/Xilinx/Labs/Lab3/ECE315Lab3/part1/spi_lab3_main.c: In function 'TaskSpi0Master':
C:/Xilinx/Labs/Lab3/ECE315Lab3/part1/spi_lab3_main.c:244:5: warning: unused variable 'send_buffer' [-Wunused-variable]
  u8 send_buffer[1];
     ^~~~~~~~~~~
C:/Xilinx/Labs/Lab3/ECE315Lab3/part1/spi_lab3_main.c:242:5: warning: unused variable 'send_SPI_data_via_FIFO2' [-Wunused-variable]
  u8 send_SPI_data_via_FIFO2;
     ^~~~~~~~~~~~~~~~~~~~~~~
C:/Xilinx/Labs/Lab3/ECE315Lab3/part1/spi_lab3_main.c: In function 'TaskSpi1Slave':
C:/Xilinx/Labs/Lab3/ECE315Lab3/part1/spi_lab3_main.c:279:7: warning: unused variable 'buffer' [-Wunused-variable]
  char buffer[48];
       ^~~~~~
C:/Xilinx/Labs/Lab3/ECE315Lab3/part1/spi_lab3_main.c:278:6: warning: unused variable 'num_received' [-Wunused-variable]
  int num_received = 0;
      ^~~~~~~~~~~~
C:/Xilinx/Labs/Lab3/ECE315Lab3/part1/spi_lab3_main.c:277:5: warning: unused variable 'temp_store' [-Wunused-variable]
  u8 temp_store;
     ^~~~~~~~~~
C:/Xilinx/Labs/Lab3/ECE315Lab3/part1/spi_lab3_main.c:276:6: warning: unused variable 'end_sequence_flag' [-Wunused-variable]
  u32 end_sequence_flag=0;
      ^~~~~~~~~~~~~~~~~
'Finished building: C:/Xilinx/Labs/Lab3/ECE315Lab3/part1/spi_lab3_main.c'
' '
'Building target: Lab3Part1.elf'
'Invoking: ARM v7 gcc linker'
arm-none-eabi-gcc -mcpu=cortex-a9 -mfpu=vfpv3 -mfloat-abi=hard -Wl,-build-id=none -specs=Xilinx.spec -Wl,-T -Wl,../src/lscript.ld -L../../Lab3Part1_bsp/ps7_cortexa9_0/lib -o "Lab3Part1.elf"  ./src/initialization.o ./src/spi_lab3_main.o   -Wl,--start-group,-lxil,-lfreertos,-lgcc,-lc,--end-group
'Finished building target: Lab3Part1.elf'
' '
'Invoking: ARM v7 Print Size'
arm-none-eabi-size Lab3Part1.elf  |tee "Lab3Part1.elf.size"
   text	   data	    bss	    dec	    hex	filename
  89580	   3416	  89648	 182644	  2c974	Lab3Part1.elf
'Finished building: Lab3Part1.elf.size'
' '

23:00:57 Build Finished (took 1s.385ms)

