23:01:10 **** Auto Build of configuration Debug for project Lab3Part2 ****
make pre-build main-build 
a9-linaro-pre-build-step
' '
'Building file: C:/Xilinx/Labs/Lab3/ECE315Lab3/part2/load_gen_main.c'
'Invoking: ARM v7 gcc compiler'
arm-none-eabi-gcc -Wall -O0 -g3 -c -fmessage-length=0 -MT"src/load_gen_main.o" -mcpu=cortex-a9 -mfpu=vfpv3 -mfloat-abi=hard -I../../Lab3Part2_bsp/ps7_cortexa9_0/include -MMD -MP -MF"src/load_gen_main.d" -MT"src/load_gen_main.o" -o "src/load_gen_main.o" "C:/Xilinx/Labs/Lab3/ECE315Lab3/part2/load_gen_main.c"
C:/Xilinx/Labs/Lab3/ECE315Lab3/part2/load_gen_main.c: In function 'TaskCpuLoadGen':
C:/Xilinx/Labs/Lab3/ECE315Lab3/part2/load_gen_main.c:131:6: warning: unused variable 'var' [-Wunused-variable]
  u32 var = 0x12345678;
      ^~~
'Finished building: C:/Xilinx/Labs/Lab3/ECE315Lab3/part2/load_gen_main.c'
' '
'Building target: Lab3Part2.elf'
'Invoking: ARM v7 gcc linker'
arm-none-eabi-gcc -mcpu=cortex-a9 -mfpu=vfpv3 -mfloat-abi=hard -Wl,-build-id=none -specs=Xilinx.spec -Wl,-T -Wl,../src/lscript.ld -L../../Lab3Part2_bsp/ps7_cortexa9_0/lib -o "Lab3Part2.elf"  ./src/load_gen_main.o   -Wl,--start-group,-lxil,-lfreertos,-lgcc,-lc,--end-group
'Finished building target: Lab3Part2.elf'
' '
'Invoking: ARM v7 Print Size'
arm-none-eabi-size Lab3Part2.elf  |tee "Lab3Part2.elf.size"
   text	   data	    bss	    dec	    hex	filename
  77308	   3372	  89424	 170104	  29878	Lab3Part2.elf
'Finished building: Lab3Part2.elf.size'
' '

23:01:11 Build Finished (took 999ms)

